26-06-26.18:14:41.383 [main            ] ERROR CreditRepository       - 调整账户积分额度异常，唯一索引冲突 userId:xiaofuge orderId:360962822751
org.springframework.dao.DuplicateKeyException: 
### Error updating database.  Cause: java.sql.SQLIntegrityConstraintViolationException: Duplicate entry '100009909911' for key 'user_credit_order_001.uq_out_business_no'
### The error may exist in file [D:\Code\big-market\big-market-app\target\classes\mybatis\mapper\ user_credit_order_mapper.xml]
### The error may involve com.zhang.infrastructure.persistent.dao.IUserCreditOrderDao.insert-Inline
### The error occurred while setting parameters
### SQL: insert into user_credit_order_001(user_id, order_id, trade_name, trade_type, trade_amount, out_business_no, create_time, update_time)         values(                   ?,?,?,?,?,?,now(),now()               )
### Cause: java.sql.SQLIntegrityConstraintViolationException: Duplicate entry '100009909911' for key 'user_credit_order_001.uq_out_business_no'
; Duplicate entry '100009909911' for key 'user_credit_order_001.uq_out_business_no'; nested exception is java.sql.SQLIntegrityConstraintViolationException: Duplicate entry '100009909911' for key 'user_credit_order_001.uq_out_business_no'
	at org.springframework.jdbc.support.SQLErrorCodeSQLExceptionTranslator.doTranslate(SQLErrorCodeSQLExceptionTranslator.java:247)
	at org.springframework.jdbc.support.AbstractFallbackSQLExceptionTranslator.translate(AbstractFallbackSQLExceptionTranslator.java:70)
	at org.mybatis.spring.MyBatisExceptionTranslator.translateExceptionIfPossible(MyBatisExceptionTranslator.java:91)
	at org.mybatis.spring.SqlSessionTemplate$SqlSessionInterceptor.invoke(SqlSessionTemplate.java:441)
	at com.sun.proxy.$Proxy109.insert(Unknown Source)
	at org.mybatis.spring.SqlSessionTemplate.insert(SqlSessionTemplate.java:272)
	at org.apache.ibatis.binding.MapperMethod.execute(MapperMethod.java:62)
	at org.apache.ibatis.binding.MapperProxy$PlainMethodInvoker.invoke(MapperProxy.java:152)
	at org.apache.ibatis.binding.MapperProxy.invoke(MapperProxy.java:85)
	at com.sun.proxy.$Proxy149.insert(Unknown Source)
	at com.zhang.infrastructure.persistent.repository.CreditRepository.lambda$saveUserCreditTradeOrder$0(CreditRepository.java:80)
	at org.springframework.transaction.support.TransactionTemplate.execute(TransactionTemplate.java:140)
	at com.zhang.infrastructure.persistent.repository.CreditRepository.saveUserCreditTradeOrder(CreditRepository.java:70)
	at com.zhang.infrastructure.persistent.repository.CreditRepository$$FastClassBySpringCGLIB$$6bd311cc.invoke(<generated>)
	at org.springframework.cglib.proxy.MethodProxy.invoke(MethodProxy.java:218)
	at org.springframework.aop.framework.CglibAopProxy$CglibMethodInvocation.invokeJoinpoint(CglibAopProxy.java:793)
	at org.springframework.aop.framework.ReflectiveMethodInvocation.proceed(ReflectiveMethodInvocation.java:163)
	at org.springframework.aop.framework.CglibAopProxy$CglibMethodInvocation.proceed(CglibAopProxy.java:763)
	at org.springframework.dao.support.PersistenceExceptionTranslationInterceptor.invoke(PersistenceExceptionTranslationInterceptor.java:137)
	at org.springframework.aop.framework.ReflectiveMethodInvocation.proceed(ReflectiveMethodInvocation.java:186)
	at org.springframework.aop.framework.CglibAopProxy$CglibMethodInvocation.proceed(CglibAopProxy.java:763)
	at org.springframework.aop.framework.CglibAopProxy$DynamicAdvisedInterceptor.intercept(CglibAopProxy.java:708)
	at com.zhang.infrastructure.persistent.repository.CreditRepository$$EnhancerBySpringCGLIB$$5902793b.saveUserCreditTradeOrder(<generated>)
	at com.zhang.domain.credit.service.CreditAdjustService.createOrder(CreditAdjustService.java:49)
	at com.zhang.test.domain.credit.CreditAdjustServiceTest.test_createOrder_forward(CreditAdjustServiceTest.java:37)
	at sun.reflect.NativeMethodAccessorImpl.invoke0(Native Method)
	at sun.reflect.NativeMethodAccessorImpl.invoke(NativeMethodAccessorImpl.java:62)
	at sun.reflect.DelegatingMethodAccessorImpl.invoke(DelegatingMethodAccessorImpl.java:43)
	at java.lang.reflect.Method.invoke(Method.java:498)
	at org.junit.runners.model.FrameworkMethod$1.runReflectiveCall(FrameworkMethod.java:59)
	at org.junit.internal.runners.model.ReflectiveCallable.run(ReflectiveCallable.java:12)
	at org.junit.runners.model.FrameworkMethod.invokeExplosively(FrameworkMethod.java:56)
	at org.junit.internal.runners.statements.InvokeMethod.evaluate(InvokeMethod.java:17)
	at org.springframework.test.context.junit4.statements.RunBeforeTestExecutionCallbacks.evaluate(RunBeforeTestExecutionCallbacks.java:74)
	at org.springframework.test.context.junit4.statements.RunAfterTestExecutionCallbacks.evaluate(RunAfterTestExecutionCallbacks.java:84)
	at org.springframework.test.context.junit4.statements.RunBeforeTestMethodCallbacks.evaluate(RunBeforeTestMethodCallbacks.java:75)
	at org.springframework.test.context.junit4.statements.RunAfterTestMethodCallbacks.evaluate(RunAfterTestMethodCallbacks.java:86)
	at org.springframework.test.context.junit4.statements.SpringRepeat.evaluate(SpringRepeat.java:84)
	at org.junit.runners.ParentRunner.runLeaf(ParentRunner.java:366)
	at org.springframework.test.context.junit4.SpringJUnit4ClassRunner.runChild(SpringJUnit4ClassRunner.java:251)
	at org.springframework.test.context.junit4.SpringJUnit4ClassRunner.runChild(SpringJUnit4ClassRunner.java:97)
	at org.junit.runners.ParentRunner$4.run(ParentRunner.java:331)
	at org.junit.runners.ParentRunner$1.schedule(ParentRunner.java:79)
	at org.junit.runners.ParentRunner.runChildren(ParentRunner.java:329)
	at org.junit.runners.ParentRunner.access$100(ParentRunner.java:66)
	at org.junit.runners.ParentRunner$2.evaluate(ParentRunner.java:293)
	at org.springframework.test.context.junit4.statements.RunBeforeTestClassCallbacks.evaluate(RunBeforeTestClassCallbacks.java:61)
	at org.springframework.test.context.junit4.statements.RunAfterTestClassCallbacks.evaluate(RunAfterTestClassCallbacks.java:70)
	at org.junit.runners.ParentRunner$3.evaluate(ParentRunner.java:306)
	at org.junit.runners.ParentRunner.run(ParentRunner.java:413)
	at org.springframework.test.context.junit4.SpringJUnit4ClassRunner.run(SpringJUnit4ClassRunner.java:190)
	at org.junit.runner.JUnitCore.run(JUnitCore.java:137)
	at com.intellij.junit4.JUnit4IdeaTestRunner.startRunnerWithArgs(JUnit4IdeaTestRunner.java:69)
	at com.intellij.rt.junit.IdeaTestRunner$Repeater$1.execute(IdeaTestRunner.java:38)
	at com.intellij.rt.execution.junit.TestsRepeater.repeat(TestsRepeater.java:11)
	at com.intellij.rt.junit.IdeaTestRunner$Repeater.startRunnerWithArgs(IdeaTestRunner.java:35)
	at com.intellij.rt.junit.JUnitStarter.prepareStreamsAndStart(JUnitStarter.java:232)
	at com.intellij.rt.junit.JUnitStarter.main(JUnitStarter.java:55)
Caused by: java.sql.SQLIntegrityConstraintViolationException: Duplicate entry '100009909911' for key 'user_credit_order_001.uq_out_business_no'
	at com.mysql.cj.jdbc.exceptions.SQLError.createSQLException(SQLError.java:117)
	at com.mysql.cj.jdbc.exceptions.SQLError.createSQLException(SQLError.java:97)
	at com.mysql.cj.jdbc.exceptions.SQLExceptionsMapping.translateException(SQLExceptionsMapping.java:122)
	at com.mysql.cj.jdbc.ClientPreparedStatement.executeInternal(ClientPreparedStatement.java:953)
	at com.mysql.cj.jdbc.ClientPreparedStatement.execute(ClientPreparedStatement.java:370)
	at com.zaxxer.hikari.pool.ProxyPreparedStatement.execute(ProxyPreparedStatement.java:44)
	at com.zaxxer.hikari.pool.HikariProxyPreparedStatement.execute(HikariProxyPreparedStatement.java)
	at org.apache.ibatis.executor.statement.PreparedStatementHandler.update(PreparedStatementHandler.java:47)
	at org.apache.ibatis.executor.statement.RoutingStatementHandler.update(RoutingStatementHandler.java:74)
	at sun.reflect.NativeMethodAccessorImpl.invoke0(Native Method)
	at sun.reflect.NativeMethodAccessorImpl.invoke(NativeMethodAccessorImpl.java:62)
	at sun.reflect.DelegatingMethodAccessorImpl.invoke(DelegatingMethodAccessorImpl.java:43)
	at java.lang.reflect.Method.invoke(Method.java:498)
	at org.apache.ibatis.plugin.Plugin.invoke(Plugin.java:63)
	at com.sun.proxy.$Proxy207.update(Unknown Source)
	at org.apache.ibatis.executor.SimpleExecutor.doUpdate(SimpleExecutor.java:50)
	at org.apache.ibatis.executor.BaseExecutor.update(BaseExecutor.java:117)
	at org.apache.ibatis.executor.CachingExecutor.update(CachingExecutor.java:76)
	at org.apache.ibatis.session.defaults.DefaultSqlSession.update(DefaultSqlSession.java:197)
	at org.apache.ibatis.session.defaults.DefaultSqlSession.insert(DefaultSqlSession.java:184)
	at sun.reflect.NativeMethodAccessorImpl.invoke0(Native Method)
	at sun.reflect.NativeMethodAccessorImpl.invoke(NativeMethodAccessorImpl.java:62)
	at sun.reflect.DelegatingMethodAccessorImpl.invoke(DelegatingMethodAccessorImpl.java:43)
	at java.lang.reflect.Method.invoke(Method.java:498)
	at org.mybatis.spring.SqlSessionTemplate$SqlSessionInterceptor.invoke(SqlSessionTemplate.java:427)
	... 54 common frames omitted
26-06-26.18:48:40.042 [pool-3-thread-11] WARN  PoolBase               - Retail_HikariCP - Failed to validate connection com.mysql.cj.jdbc.ConnectionImpl@4eb8cace (Communications link failure

The last packet successfully received from the server was 1,779,563 milliseconds ago. The last packet sent successfully to the server was 1,779,577 milliseconds ago.). Possibly consider using a shorter maxLifetime value.
26-06-26.18:48:45.042 [pool-3-thread-13] WARN  PoolBase               - Retail_HikariCP - Failed to validate connection com.mysql.cj.jdbc.ConnectionImpl@39de346 (Communications link failure

The last packet successfully received from the server was 1,784,426 milliseconds ago. The last packet sent successfully to the server was 1,784,437 milliseconds ago.). Possibly consider using a shorter maxLifetime value.
26-06-26.18:48:45.042 [pool-3-thread-11] WARN  PoolBase               - Retail_HikariCP - Failed to validate connection com.mysql.cj.jdbc.ConnectionImpl@2e4f97d3 (Communications link failure

The last packet successfully received from the server was 1,783,769 milliseconds ago. The last packet sent successfully to the server was 1,783,785 milliseconds ago.). Possibly consider using a shorter maxLifetime value.
26-06-26.18:48:50.057 [pool-3-thread-15] WARN  PoolBase               - Retail_HikariCP - Failed to validate connection com.mysql.cj.jdbc.ConnectionImpl@48ce5904 (Communications link failure

The last packet successfully received from the server was 1,788,336 milliseconds ago. The last packet sent successfully to the server was 1,788,349 milliseconds ago.). Possibly consider using a shorter maxLifetime value.
26-06-26.18:48:50.057 [pool-3-thread-11] WARN  PoolBase               - Retail_HikariCP - Failed to validate connection com.mysql.cj.jdbc.ConnectionImpl@60d4de60 (Communications link failure

The last packet successfully received from the server was 1,787,541 milliseconds ago. The last packet sent successfully to the server was 1,787,558 milliseconds ago.). Possibly consider using a shorter maxLifetime value.
26-06-26.18:48:50.057 [pool-3-thread-13] WARN  PoolBase               - Retail_HikariCP - Failed to validate connection com.mysql.cj.jdbc.ConnectionImpl@6f4e9050 (Communications link failure

The last packet successfully received from the server was 1,787,933 milliseconds ago. The last packet sent successfully to the server was 1,787,955 milliseconds ago.). Possibly consider using a shorter maxLifetime value.
26-06-26.19:17:50.046 [pool-3-thread-12] WARN  PoolBase               - Retail_HikariCP - Failed to validate connection com.mysql.cj.jdbc.ConnectionImpl@6f5bbd23 (Communications link failure

The last packet successfully received from the server was 1,765,913 milliseconds ago. The last packet sent successfully to the server was 1,765,930 milliseconds ago.). Possibly consider using a shorter maxLifetime value.
26-06-26.19:17:55.021 [pool-3-thread-16] WARN  PoolBase               - Retail_HikariCP - Failed to validate connection com.mysql.cj.jdbc.ConnectionImpl@2ef2a11b (Communications link failure

The last packet successfully received from the server was 1,768,543 milliseconds ago. The last packet sent successfully to the server was 1,768,562 milliseconds ago.). Possibly consider using a shorter maxLifetime value.
26-06-26.19:17:55.054 [pool-3-thread-12] WARN  PoolBase               - Retail_HikariCP - Failed to validate connection com.mysql.cj.jdbc.ConnectionImpl@68eb91cc (Communications link failure

The last packet successfully received from the server was 1,767,188 milliseconds ago. The last packet sent successfully to the server was 1,767,204 milliseconds ago.). Possibly consider using a shorter maxLifetime value.
26-06-26.19:18:00.037 [pool-3-thread-16] WARN  PoolBase               - Retail_HikariCP - Failed to validate connection com.mysql.cj.jdbc.ConnectionImpl@280676fa (Communications link failure

The last packet successfully received from the server was 1,769,346 milliseconds ago. The last packet sent successfully to the server was 1,769,360 milliseconds ago.). Possibly consider using a shorter maxLifetime value.
26-06-26.19:18:00.052 [pool-3-thread-17] WARN  PoolBase               - Retail_HikariCP - Failed to validate connection com.mysql.cj.jdbc.ConnectionImpl@5d200892 (Communications link failure

The last packet successfully received from the server was 1,767,313 milliseconds ago. The last packet sent successfully to the server was 1,767,328 milliseconds ago.). Possibly consider using a shorter maxLifetime value.
26-06-26.19:18:00.068 [pool-3-thread-12] WARN  PoolBase               - Retail_HikariCP - Failed to validate connection com.mysql.cj.jdbc.ConnectionImpl@441c176b (Communications link failure

The last packet successfully received from the server was 1,765,918 milliseconds ago. The last packet sent successfully to the server was 1,765,934 milliseconds ago.). Possibly consider using a shorter maxLifetime value.
26-06-26.19:18:05.027 [pool-3-thread-13] WARN  PoolBase               - Retail_HikariCP - Failed to validate connection com.mysql.cj.jdbc.ConnectionImpl@7e96e78f (Communications link failure

The last packet successfully received from the server was 1,768,275 milliseconds ago. The last packet sent successfully to the server was 1,768,296 milliseconds ago.). Possibly consider using a shorter maxLifetime value.
26-06-26.19:18:05.043 [pool-3-thread-16] WARN  PoolBase               - Retail_HikariCP - Failed to validate connection com.mysql.cj.jdbc.ConnectionImpl@1023b707 (Communications link failure

The last packet successfully received from the server was 1,759,072 milliseconds ago. The last packet sent successfully to the server was 1,759,090 milliseconds ago.). Possibly consider using a shorter maxLifetime value.
26-06-26.19:18:05.059 [pool-3-thread-17] WARN  PoolBase               - Retail_HikariCP - Failed to validate connection com.mysql.cj.jdbc.ConnectionImpl@4f91821c (Communications link failure

The last packet successfully received from the server was 1,756,049 milliseconds ago. The last packet sent successfully to the server was 1,756,063 milliseconds ago.). Possibly consider using a shorter maxLifetime value.
26-06-26.19:18:05.074 [pool-3-thread-12] WARN  PoolBase               - Retail_HikariCP - Failed to validate connection com.mysql.cj.jdbc.ConnectionImpl@7b1c81d7 (Communications link failure

The last packet successfully received from the server was 1,755,544 milliseconds ago. The last packet sent successfully to the server was 1,755,563 milliseconds ago.). Possibly consider using a shorter maxLifetime value.
26-06-26.19:18:10.039 [pool-3-thread-13] WARN  PoolBase               - Retail_HikariCP - Failed to validate connection com.mysql.cj.jdbc.ConnectionImpl@5db91d97 (Communications link failure

The last packet successfully received from the server was 1,757,382 milliseconds ago. The last packet sent successfully to the server was 1,757,393 milliseconds ago.). Possibly consider using a shorter maxLifetime value.
26-06-26.19:18:10.039 [pool-3-thread-19] WARN  PoolBase               - Retail_HikariCP - Failed to validate connection com.mysql.cj.jdbc.ConnectionImpl@2c1de5cc (Communications link failure

The last packet successfully received from the server was 1,755,062 milliseconds ago. The last packet sent successfully to the server was 1,755,080 milliseconds ago.). Possibly consider using a shorter maxLifetime value.
26-06-26.19:18:10.054 [pool-3-thread-16] WARN  PoolBase               - Retail_HikariCP - Failed to validate connection com.mysql.cj.jdbc.ConnectionImpl@4367b1e0 (Communications link failure

The last packet successfully received from the server was 1,752,430 milliseconds ago. The last packet sent successfully to the server was 1,752,445 milliseconds ago.). Possibly consider using a shorter maxLifetime value.
26-06-26.19:18:20.028 [pool-3-thread-3 ] WARN  PoolBase               - Retail_HikariCP - Failed to validate connection com.mysql.cj.jdbc.ConnectionImpl@11881e89 (Communications link failure

The last packet successfully received from the server was 1,788,411 milliseconds ago. The last packet sent successfully to the server was 1,788,430 milliseconds ago.). Possibly consider using a shorter maxLifetime value.
26-06-26.19:18:25.030 [pool-3-thread-3 ] WARN  PoolBase               - Retail_HikariCP - Failed to validate connection com.mysql.cj.jdbc.ConnectionImpl@2c225cc (Communications link failure

The last packet successfully received from the server was 1,789,072 milliseconds ago. The last packet sent successfully to the server was 1,789,086 milliseconds ago.). Possibly consider using a shorter maxLifetime value.
26-06-26.19:18:25.044 [pool-3-thread-6 ] WARN  PoolBase               - Retail_HikariCP - Failed to validate connection com.mysql.cj.jdbc.ConnectionImpl@517e0453 (Communications link failure

The last packet successfully received from the server was 1,788,904 milliseconds ago. The last packet sent successfully to the server was 1,788,920 milliseconds ago.). Possibly consider using a shorter maxLifetime value.
26-06-26.19:18:30.036 [pool-3-thread-3 ] WARN  PoolBase               - Retail_HikariCP - Failed to validate connection com.mysql.cj.jdbc.ConnectionImpl@14dd2289 (Communications link failure

The last packet successfully received from the server was 1,789,709 milliseconds ago. The last packet sent successfully to the server was 1,789,722 milliseconds ago.). Possibly consider using a shorter maxLifetime value.
26-06-26.19:18:30.036 [pool-3-thread-7 ] WARN  PoolBase               - Retail_HikariCP - Failed to validate connection com.mysql.cj.jdbc.ConnectionImpl@1e272061 (Communications link failure

The last packet successfully received from the server was 1,784,674 milliseconds ago. The last packet sent successfully to the server was 1,784,689 milliseconds ago.). Possibly consider using a shorter maxLifetime value.
26-06-26.19:18:30.052 [pool-3-thread-6 ] WARN  PoolBase               - Retail_HikariCP - Failed to validate connection com.mysql.cj.jdbc.ConnectionImpl@6dc370c9 (Communications link failure

The last packet successfully received from the server was 1,779,820 milliseconds ago. The last packet sent successfully to the server was 1,779,835 milliseconds ago.). Possibly consider using a shorter maxLifetime value.
26-06-26.19:18:35.025 [pool-3-thread-9 ] WARN  PoolBase               - Retail_HikariCP - Failed to validate connection com.mysql.cj.jdbc.ConnectionImpl@75cc09e7 (Communications link failure

The last packet successfully received from the server was 54,721 milliseconds ago. The last packet sent successfully to the server was 54,734 milliseconds ago.). Possibly consider using a shorter maxLifetime value.
