26-06-29.10:48:33.933 [main            ] INFO  RaffleActivityControllerTest - Starting RaffleActivityControllerTest using Java 1.8.0_131 on Zhang-Desktop with PID 46820 (started by ZhangJunjie in D:\Code\big-market\big-market-app)
26-06-29.10:48:33.933 [main            ] INFO  RaffleActivityControllerTest - The following 1 profile is active: "dev"
26-06-29.10:48:35.436 [main            ] INFO  RepositoryConfigurationDelegate - Multiple Spring Data modules found, entering strict repository configuration mode
26-06-29.10:48:35.439 [main            ] INFO  RepositoryConfigurationDelegate - Bootstrapping Spring Data Redis repositories in DEFAULT mode.
26-06-29.10:48:35.467 [main            ] INFO  RepositoryConfigurationDelegate - Finished Spring Data repository scanning in 16 ms. Found 0 Redis repository interfaces.
26-06-29.10:48:36.519 [main            ] INFO  Version                - Redisson 3.23.4
26-06-29.10:48:36.859 [redisson-netty-2-4] INFO  MasterPubSubConnectionPool - 1 connections initialized for 223.109.142.81/223.109.142.81:16379
26-06-29.10:48:36.974 [redisson-netty-2-13] INFO  MasterConnectionPool   - 5 connections initialized for 223.109.142.81/223.109.142.81:16379
26-06-29.10:48:39.199 [main            ] INFO  EndpointLinksResolver  - Exposing 1 endpoint(s) beneath base path '/actuator'
26-06-29.10:48:39.263 [main            ] INFO  CachingConnectionFactory - Attempting to connect to: [223.109.142.81:5672]
26-06-29.10:48:39.411 [main            ] INFO  CachingConnectionFactory - Created new connection: rabbitConnectionFactory#1b47b7f5:0/SimpleConnection@3149409c [delegate=amqp://admin@223.109.142.81:5672/, localPort= 4661]
26-06-29.10:48:39.926 [main            ] INFO  RaffleActivityControllerTest - Started RaffleActivityControllerTest in 6.277 seconds (JVM running for 6.794)
26-06-29.10:48:40.031 [pool-3-thread-1 ] INFO  HikariDataSource       - Retail_HikariCP - Starting...
26-06-29.10:48:40.031 [pool-3-thread-2 ] INFO  HikariDataSource       - Retail_HikariCP - Starting...
26-06-29.10:48:40.097 [main            ] INFO  RaffleActivityController - 查询sku商品集合开始 activityId:100301
26-06-29.10:48:40.098 [main            ] INFO  HikariDataSource       - Retail_HikariCP - Starting...
26-06-29.10:48:43.109 [main            ] INFO  HikariDataSource       - Retail_HikariCP - Start completed.
26-06-29.10:48:43.111 [pool-3-thread-1 ] INFO  HikariDataSource       - Retail_HikariCP - Start completed.
26-06-29.10:48:43.111 [pool-3-thread-2 ] INFO  HikariDataSource       - Retail_HikariCP - Start completed.
26-06-29.10:48:45.175 [main            ] INFO  RaffleActivityController - 查询sku商品集合完成 activityId:100301 skuProductResponseDTOS:[{"activityCount":{"dayCount":100,"monthCount":100,"totalCount":100},"activityCountId":11101,"productAmount":1.68,"sku":9011,"stockCount":100000,"stockCountSurplus":99890}]
26-06-29.10:48:45.176 [main            ] INFO  RaffleActivityControllerTest - 请求参数：100301
26-06-29.10:48:45.178 [main            ] INFO  RaffleActivityControllerTest - 测试结果：{"code":"0000","data":[{"activityCount":{"dayCount":100,"monthCount":100,"totalCount":100},"activityCountId":11101,"productAmount":1.68,"sku":9011,"stockCount":100000,"stockCountSurplus":99890}],"info":"调用成功"}
26-06-29.10:48:45.206 [org.springframework.amqp.rabbit.RabbitListenerEndpointContainer#0-2] INFO  SimpleMessageListenerContainer - Waiting for workers to finish.
26-06-29.10:48:45.225 [org.springframework.amqp.rabbit.RabbitListenerEndpointContainer#1-2] INFO  SimpleMessageListenerContainer - Waiting for workers to finish.
26-06-29.10:48:45.246 [org.springframework.amqp.rabbit.RabbitListenerEndpointContainer#2-2] INFO  SimpleMessageListenerContainer - Waiting for workers to finish.
26-06-29.10:48:45.265 [org.springframework.amqp.rabbit.RabbitListenerEndpointContainer#3-2] INFO  SimpleMessageListenerContainer - Waiting for workers to finish.
26-06-29.10:48:45.697 [org.springframework.amqp.rabbit.RabbitListenerEndpointContainer#0-2] INFO  SimpleMessageListenerContainer - Successfully waited for workers to finish.
26-06-29.10:48:45.774 [org.springframework.amqp.rabbit.RabbitListenerEndpointContainer#1-2] INFO  SimpleMessageListenerContainer - Successfully waited for workers to finish.
26-06-29.10:48:45.866 [org.springframework.amqp.rabbit.RabbitListenerEndpointContainer#2-2] INFO  SimpleMessageListenerContainer - Successfully waited for workers to finish.
26-06-29.10:48:45.991 [org.springframework.amqp.rabbit.RabbitListenerEndpointContainer#3-2] INFO  SimpleMessageListenerContainer - Successfully waited for workers to finish.
26-06-29.10:48:45.994 [SpringApplicationShutdownHook] INFO  SimpleMessageListenerContainer - Shutdown ignored - container is already stopped
26-06-29.10:48:45.994 [SpringApplicationShutdownHook] INFO  SimpleMessageListenerContainer - Shutdown ignored - container is already stopped
26-06-29.10:48:45.994 [SpringApplicationShutdownHook] INFO  SimpleMessageListenerContainer - Shutdown ignored - container is already stopped
26-06-29.10:48:45.995 [SpringApplicationShutdownHook] INFO  SimpleMessageListenerContainer - Shutdown ignored - container is already stopped
26-06-29.10:49:01.894 [main            ] INFO  RaffleActivityControllerTest - Starting RaffleActivityControllerTest using Java 1.8.0_131 on Zhang-Desktop with PID 47228 (started by ZhangJunjie in D:\Code\big-market\big-market-app)
26-06-29.10:49:01.895 [main            ] INFO  RaffleActivityControllerTest - The following 1 profile is active: "dev"
26-06-29.10:49:02.441 [main            ] INFO  RepositoryConfigurationDelegate - Multiple Spring Data modules found, entering strict repository configuration mode
26-06-29.10:49:02.447 [main            ] INFO  RepositoryConfigurationDelegate - Bootstrapping Spring Data Redis repositories in DEFAULT mode.
26-06-29.10:49:02.472 [main            ] INFO  RepositoryConfigurationDelegate - Finished Spring Data repository scanning in 16 ms. Found 0 Redis repository interfaces.
26-06-29.10:49:03.328 [main            ] INFO  Version                - Redisson 3.23.4
26-06-29.10:49:03.642 [redisson-netty-2-5] INFO  MasterPubSubConnectionPool - 1 connections initialized for 223.109.142.81/223.109.142.81:16379
26-06-29.10:49:03.774 [redisson-netty-2-13] INFO  MasterConnectionPool   - 5 connections initialized for 223.109.142.81/223.109.142.81:16379
26-06-29.10:49:05.744 [main            ] INFO  EndpointLinksResolver  - Exposing 1 endpoint(s) beneath base path '/actuator'
26-06-29.10:49:05.822 [main            ] INFO  CachingConnectionFactory - Attempting to connect to: [223.109.142.81:5672]
26-06-29.10:49:05.937 [main            ] INFO  CachingConnectionFactory - Created new connection: rabbitConnectionFactory#1b47b7f5:0/SimpleConnection@3149409c [delegate=amqp://admin@223.109.142.81:5672/, localPort= 10580]
26-06-29.10:49:06.408 [main            ] INFO  RaffleActivityControllerTest - Started RaffleActivityControllerTest in 4.78 seconds (JVM running for 5.206)
26-06-29.10:49:06.529 [main            ] INFO  RaffleActivityController - 查询用户积分值开始 userId:xiaofuge
26-06-29.10:49:06.543 [main            ] INFO  HikariDataSource       - Retail_HikariCP - Starting...
26-06-29.10:49:06.854 [main            ] INFO  HikariDataSource       - Retail_HikariCP - Start completed.
26-06-29.10:49:06.936 [main            ] INFO  RaffleActivityController - 查询用户积分值完成 userId:xiaofuge adjustAmount:84.17
26-06-29.10:49:07.008 [main            ] INFO  RaffleActivityControllerTest - 请求参数："xiaofuge"
26-06-29.10:49:07.017 [main            ] INFO  RaffleActivityControllerTest - 测试结果：{"code":"0000","data":84.17,"info":"调用成功"}
26-06-29.10:49:07.043 [org.springframework.amqp.rabbit.RabbitListenerEndpointContainer#0-2] INFO  SimpleMessageListenerContainer - Waiting for workers to finish.
26-06-29.10:49:07.062 [org.springframework.amqp.rabbit.RabbitListenerEndpointContainer#1-2] INFO  SimpleMessageListenerContainer - Waiting for workers to finish.
26-06-29.10:49:07.079 [org.springframework.amqp.rabbit.RabbitListenerEndpointContainer#2-2] INFO  SimpleMessageListenerContainer - Waiting for workers to finish.
26-06-29.10:49:07.097 [org.springframework.amqp.rabbit.RabbitListenerEndpointContainer#3-2] INFO  SimpleMessageListenerContainer - Waiting for workers to finish.
26-06-29.10:49:07.146 [org.springframework.amqp.rabbit.RabbitListenerEndpointContainer#0-2] INFO  SimpleMessageListenerContainer - Successfully waited for workers to finish.
26-06-29.10:49:07.240 [org.springframework.amqp.rabbit.RabbitListenerEndpointContainer#1-2] INFO  SimpleMessageListenerContainer - Successfully waited for workers to finish.
26-06-29.10:49:07.330 [org.springframework.amqp.rabbit.RabbitListenerEndpointContainer#2-2] INFO  SimpleMessageListenerContainer - Successfully waited for workers to finish.
26-06-29.10:49:07.423 [org.springframework.amqp.rabbit.RabbitListenerEndpointContainer#3-2] INFO  SimpleMessageListenerContainer - Successfully waited for workers to finish.
26-06-29.10:49:07.425 [SpringApplicationShutdownHook] INFO  SimpleMessageListenerContainer - Shutdown ignored - container is already stopped
26-06-29.10:49:07.425 [SpringApplicationShutdownHook] INFO  SimpleMessageListenerContainer - Shutdown ignored - container is already stopped
26-06-29.10:49:07.425 [SpringApplicationShutdownHook] INFO  SimpleMessageListenerContainer - Shutdown ignored - container is already stopped
26-06-29.10:49:07.425 [SpringApplicationShutdownHook] INFO  SimpleMessageListenerContainer - Shutdown ignored - container is already stopped
26-06-29.10:49:47.575 [main            ] INFO  RaffleActivityControllerTest - Starting RaffleActivityControllerTest using Java 1.8.0_131 on Zhang-Desktop with PID 45252 (started by ZhangJunjie in D:\Code\big-market\big-market-app)
26-06-29.10:49:47.576 [main            ] INFO  RaffleActivityControllerTest - The following 1 profile is active: "dev"
26-06-29.10:49:48.117 [main            ] INFO  RepositoryConfigurationDelegate - Multiple Spring Data modules found, entering strict repository configuration mode
26-06-29.10:49:48.123 [main            ] INFO  RepositoryConfigurationDelegate - Bootstrapping Spring Data Redis repositories in DEFAULT mode.
26-06-29.10:49:48.151 [main            ] INFO  RepositoryConfigurationDelegate - Finished Spring Data repository scanning in 17 ms. Found 0 Redis repository interfaces.
26-06-29.10:49:49.064 [main            ] INFO  Version                - Redisson 3.23.4
26-06-29.10:49:49.385 [redisson-netty-2-4] INFO  MasterPubSubConnectionPool - 1 connections initialized for 223.109.142.81/223.109.142.81:16379
26-06-29.10:49:49.507 [redisson-netty-2-13] INFO  MasterConnectionPool   - 5 connections initialized for 223.109.142.81/223.109.142.81:16379
26-06-29.10:49:51.480 [main            ] INFO  EndpointLinksResolver  - Exposing 1 endpoint(s) beneath base path '/actuator'
26-06-29.10:49:51.531 [main            ] INFO  CachingConnectionFactory - Attempting to connect to: [223.109.142.81:5672]
26-06-29.10:49:51.642 [main            ] INFO  CachingConnectionFactory - Created new connection: rabbitConnectionFactory#1d6713dd:0/SimpleConnection@4ce18cec [delegate=amqp://admin@223.109.142.81:5672/, localPort= 2775]
26-06-29.10:49:52.072 [main            ] INFO  RaffleActivityControllerTest - Started RaffleActivityControllerTest in 4.76 seconds (JVM running for 5.183)
26-06-29.10:49:52.187 [main            ] INFO  RaffleActivityController - 积分兑换商品 userId:xiaofuge sku:9011
26-06-29.10:49:52.214 [main            ] INFO  HikariDataSource       - Retail_HikariCP - Starting...
26-06-29.10:49:52.568 [main            ] INFO  HikariDataSource       - Retail_HikariCP - Start completed.
26-06-29.10:49:52.719 [main            ] INFO  CreditAdjustService    - 账户积分额度开始 userId:xiaofuge tradeName:CONVERT_SKU amount:null
26-06-29.10:49:53.318 [main            ] ERROR CreditRepository       - 调整账户积分额度失败 userId:xiaofuge orderId:482162782125
org.springframework.dao.DataIntegrityViolationException: 
### Error updating database.  Cause: java.sql.SQLIntegrityConstraintViolationException: Column 'total_amount' cannot be null
### The error may exist in file [D:\Code\big-market\big-market-app\target\classes\mybatis\mapper\user_credit_account_mapper.xml]
### The error may involve com.zhang.infrastructure.adapter.dao.IUserCreditAccountDao.updateAddAmount-Inline
### The error occurred while setting parameters
### SQL: update user_credit_account set                                        total_amount = total_amount + ?,                                        available_amount = available_amount + ?         where user_id = ?
### Cause: java.sql.SQLIntegrityConstraintViolationException: Column 'total_amount' cannot be null
; Column 'total_amount' cannot be null; nested exception is java.sql.SQLIntegrityConstraintViolationException: Column 'total_amount' cannot be null
	at org.springframework.jdbc.support.SQLExceptionSubclassTranslator.doTranslate(SQLExceptionSubclassTranslator.java:87)
	at org.springframework.jdbc.support.AbstractFallbackSQLExceptionTranslator.translate(AbstractFallbackSQLExceptionTranslator.java:70)
	at org.springframework.jdbc.support.AbstractFallbackSQLExceptionTranslator.translate(AbstractFallbackSQLExceptionTranslator.java:79)
	at org.mybatis.spring.MyBatisExceptionTranslator.translateExceptionIfPossible(MyBatisExceptionTranslator.java:91)
	at org.mybatis.spring.SqlSessionTemplate$SqlSessionInterceptor.invoke(SqlSessionTemplate.java:441)
	at com.sun.proxy.$Proxy109.update(Unknown Source)
	at org.mybatis.spring.SqlSessionTemplate.update(SqlSessionTemplate.java:288)
	at org.apache.ibatis.binding.MapperMethod.execute(MapperMethod.java:67)
	at org.apache.ibatis.binding.MapperProxy$PlainMethodInvoker.invoke(MapperProxy.java:152)
	at org.apache.ibatis.binding.MapperProxy.invoke(MapperProxy.java:85)
	at com.sun.proxy.$Proxy140.updateAddAmount(Unknown Source)
	at com.zhang.infrastructure.adapter.repository.CreditRepository.lambda$saveUserCreditTradeOrder$0(CreditRepository.java:94)
	at org.springframework.transaction.support.TransactionTemplate.execute(TransactionTemplate.java:140)
	at com.zhang.infrastructure.adapter.repository.CreditRepository.saveUserCreditTradeOrder(CreditRepository.java:87)
	at com.zhang.infrastructure.adapter.repository.CreditRepository$$FastClassBySpringCGLIB$$6bd311cc.invoke(<generated>)
	at org.springframework.cglib.proxy.MethodProxy.invoke(MethodProxy.java:218)
	at org.springframework.aop.framework.CglibAopProxy$CglibMethodInvocation.invokeJoinpoint(CglibAopProxy.java:793)
	at org.springframework.aop.framework.ReflectiveMethodInvocation.proceed(ReflectiveMethodInvocation.java:163)
	at org.springframework.aop.framework.CglibAopProxy$CglibMethodInvocation.proceed(CglibAopProxy.java:763)
	at org.springframework.dao.support.PersistenceExceptionTranslationInterceptor.invoke(PersistenceExceptionTranslationInterceptor.java:137)
	at org.springframework.aop.framework.ReflectiveMethodInvocation.proceed(ReflectiveMethodInvocation.java:186)
	at org.springframework.aop.framework.CglibAopProxy$CglibMethodInvocation.proceed(CglibAopProxy.java:763)
	at org.springframework.aop.framework.CglibAopProxy$DynamicAdvisedInterceptor.intercept(CglibAopProxy.java:708)
	at com.zhang.infrastructure.adapter.repository.CreditRepository$$EnhancerBySpringCGLIB$$14e6315e.saveUserCreditTradeOrder(<generated>)
	at com.zhang.domain.credit.service.CreditAdjustService.createOrder(CreditAdjustService.java:65)
	at com.zhang.trigger.http.RaffleActivityController.creditPayExchangeSku(RaffleActivityController.java:392)
	at com.zhang.test.trigger.RaffleActivityControllerTest.test_creditPayExchangeSku(RaffleActivityControllerTest.java:102)
	at sun.reflect.NativeMethodAccessorImpl.invoke0(Native Method)
	at sun.reflect.NativeMethodAccessorImpl.invoke(NativeMethodAccessorImpl.java:62)
	at sun.reflect.DelegatingMethodAccessorImpl.invoke(DelegatingMethodAccessorImpl.java:43)
	at java.lang.reflect.Method.invoke(Method.java:498)
	at org.junit.runners.model.FrameworkMethod$1.runReflectiveCall(FrameworkMethod.java:59)
	at org.junit.internal.runners.model.ReflectiveCallable.run(ReflectiveCallable.java:12)
	at org.junit.runners.model.FrameworkMethod.invokeExplosively(FrameworkMethod.java:56)
	at org.junit.internal.runners.statements.InvokeMethod.evaluate(InvokeMethod.java:17)
	at org.springframework.test.context.junit4.statements.RunBeforeTestExecutionCallbacks.evaluate(RunBeforeTestExecutionCallbacks.java:74)
	at org.springframework.test.context.junit4.statements.RunAfterTestExecutionCallbacks.evaluate(RunAfterTestExecutionCallbacks.java:84)
	at org.springframework.test.context.junit4.statements.RunBeforeTestMethodCallbacks.evaluate(RunBeforeTestMethodCallbacks.java:75)
	at org.springframework.test.context.junit4.statements.RunAfterTestMethodCallbacks.evaluate(RunAfterTestMethodCallbacks.java:86)
	at org.springframework.test.context.junit4.statements.SpringRepeat.evaluate(SpringRepeat.java:84)
	at org.junit.runners.ParentRunner.runLeaf(ParentRunner.java:366)
	at org.springframework.test.context.junit4.SpringJUnit4ClassRunner.runChild(SpringJUnit4ClassRunner.java:251)
	at org.springframework.test.context.junit4.SpringJUnit4ClassRunner.runChild(SpringJUnit4ClassRunner.java:97)
	at org.junit.runners.ParentRunner$4.run(ParentRunner.java:331)
	at org.junit.runners.ParentRunner$1.schedule(ParentRunner.java:79)
	at org.junit.runners.ParentRunner.runChildren(ParentRunner.java:329)
	at org.junit.runners.ParentRunner.access$100(ParentRunner.java:66)
	at org.junit.runners.ParentRunner$2.evaluate(ParentRunner.java:293)
	at org.springframework.test.context.junit4.statements.RunBeforeTestClassCallbacks.evaluate(RunBeforeTestClassCallbacks.java:61)
	at org.springframework.test.context.junit4.statements.RunAfterTestClassCallbacks.evaluate(RunAfterTestClassCallbacks.java:70)
	at org.junit.runners.ParentRunner$3.evaluate(ParentRunner.java:306)
	at org.junit.runners.ParentRunner.run(ParentRunner.java:413)
	at org.springframework.test.context.junit4.SpringJUnit4ClassRunner.run(SpringJUnit4ClassRunner.java:190)
	at org.junit.runner.JUnitCore.run(JUnitCore.java:137)
	at com.intellij.junit4.JUnit4IdeaTestRunner.startRunnerWithArgs(JUnit4IdeaTestRunner.java:69)
	at com.intellij.rt.junit.IdeaTestRunner$Repeater$1.execute(IdeaTestRunner.java:38)
	at com.intellij.rt.execution.junit.TestsRepeater.repeat(TestsRepeater.java:11)
	at com.intellij.rt.junit.IdeaTestRunner$Repeater.startRunnerWithArgs(IdeaTestRunner.java:35)
	at com.intellij.rt.junit.JUnitStarter.prepareStreamsAndStart(JUnitStarter.java:232)
	at com.intellij.rt.junit.JUnitStarter.main(JUnitStarter.java:55)
Caused by: java.sql.SQLIntegrityConstraintViolationException: Column 'total_amount' cannot be null
	at com.mysql.cj.jdbc.exceptions.SQLError.createSQLException(SQLError.java:117)
	at com.mysql.cj.jdbc.exceptions.SQLError.createSQLException(SQLError.java:97)
	at com.mysql.cj.jdbc.exceptions.SQLExceptionsMapping.translateException(SQLExceptionsMapping.java:122)
	at com.mysql.cj.jdbc.ClientPreparedStatement.executeInternal(ClientPreparedStatement.java:953)
	at com.mysql.cj.jdbc.ClientPreparedStatement.execute(ClientPreparedStatement.java:370)
	at com.zaxxer.hikari.pool.ProxyPreparedStatement.execute(ProxyPreparedStatement.java:44)
	at com.zaxxer.hikari.pool.HikariProxyPreparedStatement.execute(HikariProxyPreparedStatement.java)
	at org.apache.ibatis.executor.statement.PreparedStatementHandler.update(PreparedStatementHandler.java:47)
	at org.apache.ibatis.executor.statement.RoutingStatementHandler.update(RoutingStatementHandler.java:74)
	at sun.reflect.NativeMethodAccessorImpl.invoke0(Native Method)
	at sun.reflect.NativeMethodAccessorImpl.invoke(NativeMethodAccessorImpl.java:62)
	at sun.reflect.DelegatingMethodAccessorImpl.invoke(DelegatingMethodAccessorImpl.java:43)
	at java.lang.reflect.Method.invoke(Method.java:498)
	at org.apache.ibatis.plugin.Plugin.invoke(Plugin.java:63)
	at com.sun.proxy.$Proxy207.update(Unknown Source)
	at org.apache.ibatis.executor.SimpleExecutor.doUpdate(SimpleExecutor.java:50)
	at org.apache.ibatis.executor.BaseExecutor.update(BaseExecutor.java:117)
	at org.apache.ibatis.executor.CachingExecutor.update(CachingExecutor.java:76)
	at org.apache.ibatis.session.defaults.DefaultSqlSession.update(DefaultSqlSession.java:197)
	at sun.reflect.NativeMethodAccessorImpl.invoke0(Native Method)
	at sun.reflect.NativeMethodAccessorImpl.invoke(NativeMethodAccessorImpl.java:62)
	at sun.reflect.DelegatingMethodAccessorImpl.invoke(DelegatingMethodAccessorImpl.java:43)
	at java.lang.reflect.Method.invoke(Method.java:498)
	at org.mybatis.spring.SqlSessionTemplate$SqlSessionInterceptor.invoke(SqlSessionTemplate.java:427)
	... 55 common frames omitted
26-06-29.10:49:53.426 [main            ] INFO  EventPublisher         - 发送MQ消息 topic:credit_adjust_success message:{"data":{"orderId":"482162782125","outBusinessNo":"70009240609101","userId":"xiaofuge"},"id":"41377422528","timestamp":1782701392720}
26-06-29.10:49:53.447 [org.springframework.amqp.rabbit.RabbitListenerEndpointContainer#1-1] INFO  CreditAdjustSuccessCustomer - 监听积分账户调整成功消息，进行交易商品发货 topic: credit_adjust_success message: {"data":{"orderId":"482162782125","outBusinessNo":"70009240609101","userId":"xiaofuge"},"id":"41377422528","timestamp":1782701392720}
26-06-29.10:49:53.475 [main            ] INFO  CreditRepository       - 调整账户积分记录，发送MQ消息完成 userId: xiaofuge orderId:482162782125 topic: credit_adjust_success
26-06-29.10:49:53.475 [main            ] INFO  CreditAdjustService    - 账户积分额度完成 userId:xiaofuge orderId:482162782125
26-06-29.10:49:53.477 [main            ] INFO  RaffleActivityControllerTest - 请求参数：{"sku":9011,"userId":"xiaofuge"}
26-06-29.10:49:53.478 [main            ] INFO  RaffleActivityControllerTest - 测试结果：{"code":"0000","data":true,"info":"调用成功"}
26-06-29.10:49:55.004 [pool-3-thread-2 ] INFO  HikariDataSource       - Retail_HikariCP - Starting...
26-06-29.10:49:55.204 [pool-3-thread-2 ] INFO  HikariDataSource       - Retail_HikariCP - Start completed.
26-06-29.10:51:18.233 [org.springframework.amqp.rabbit.RabbitListenerEndpointContainer#0-2] INFO  SimpleMessageListenerContainer - Waiting for workers to finish.
26-06-29.10:51:18.249 [org.springframework.amqp.rabbit.RabbitListenerEndpointContainer#1-2] INFO  SimpleMessageListenerContainer - Waiting for workers to finish.
26-06-29.10:51:18.265 [org.springframework.amqp.rabbit.RabbitListenerEndpointContainer#2-2] INFO  SimpleMessageListenerContainer - Waiting for workers to finish.
26-06-29.10:51:18.277 [org.springframework.amqp.rabbit.RabbitListenerEndpointContainer#1-2] INFO  SimpleMessageListenerContainer - Successfully waited for workers to finish.
26-06-29.10:51:18.283 [org.springframework.amqp.rabbit.RabbitListenerEndpointContainer#3-2] INFO  SimpleMessageListenerContainer - Waiting for workers to finish.
26-06-29.10:51:18.483 [org.springframework.amqp.rabbit.RabbitListenerEndpointContainer#0-2] INFO  SimpleMessageListenerContainer - Successfully waited for workers to finish.
26-06-29.10:51:18.764 [org.springframework.amqp.rabbit.RabbitListenerEndpointContainer#2-2] INFO  SimpleMessageListenerContainer - Successfully waited for workers to finish.
26-06-29.10:51:18.827 [org.springframework.amqp.rabbit.RabbitListenerEndpointContainer#3-2] INFO  SimpleMessageListenerContainer - Successfully waited for workers to finish.
26-06-29.10:51:18.829 [SpringApplicationShutdownHook] INFO  SimpleMessageListenerContainer - Shutdown ignored - container is already stopped
26-06-29.10:51:18.829 [SpringApplicationShutdownHook] INFO  SimpleMessageListenerContainer - Shutdown ignored - container is already stopped
26-06-29.10:51:18.829 [SpringApplicationShutdownHook] INFO  SimpleMessageListenerContainer - Shutdown ignored - container is already stopped
26-06-29.10:51:18.829 [SpringApplicationShutdownHook] INFO  SimpleMessageListenerContainer - Shutdown ignored - container is already stopped
26-06-29.10:51:22.219 [main            ] INFO  RaffleActivityControllerTest - Starting RaffleActivityControllerTest using Java 1.8.0_131 on Zhang-Desktop with PID 45168 (started by ZhangJunjie in D:\Code\big-market\big-market-app)
26-06-29.10:51:22.220 [main            ] INFO  RaffleActivityControllerTest - The following 1 profile is active: "dev"
26-06-29.10:51:22.776 [main            ] INFO  RepositoryConfigurationDelegate - Multiple Spring Data modules found, entering strict repository configuration mode
26-06-29.10:51:22.778 [main            ] INFO  RepositoryConfigurationDelegate - Bootstrapping Spring Data Redis repositories in DEFAULT mode.
26-06-29.10:51:22.803 [main            ] INFO  RepositoryConfigurationDelegate - Finished Spring Data repository scanning in 15 ms. Found 0 Redis repository interfaces.
26-06-29.10:51:23.718 [main            ] INFO  Version                - Redisson 3.23.4
26-06-29.10:51:24.044 [redisson-netty-2-4] INFO  MasterPubSubConnectionPool - 1 connections initialized for 223.109.142.81/223.109.142.81:16379
26-06-29.10:51:24.176 [redisson-netty-2-13] INFO  MasterConnectionPool   - 5 connections initialized for 223.109.142.81/223.109.142.81:16379
26-06-29.10:51:26.345 [main            ] INFO  EndpointLinksResolver  - Exposing 1 endpoint(s) beneath base path '/actuator'
26-06-29.10:51:26.398 [main            ] INFO  CachingConnectionFactory - Attempting to connect to: [223.109.142.81:5672]
26-06-29.10:51:26.508 [main            ] INFO  CachingConnectionFactory - Created new connection: rabbitConnectionFactory#42172065:0/SimpleConnection@2f408960 [delegate=amqp://admin@223.109.142.81:5672/, localPort= 7078]
26-06-29.10:51:27.008 [main            ] INFO  RaffleActivityControllerTest - Started RaffleActivityControllerTest in 5.054 seconds (JVM running for 5.911)
26-06-29.10:51:27.129 [main            ] INFO  RaffleActivityController - 积分兑换商品 userId:xiaofuge sku:9011
26-06-29.10:51:27.158 [main            ] INFO  HikariDataSource       - Retail_HikariCP - Starting...
26-06-29.10:51:27.478 [main            ] INFO  HikariDataSource       - Retail_HikariCP - Start completed.
26-06-29.10:51:27.513 [main            ] INFO  HikariDataSource       - Retail_HikariCP - Starting...
26-06-29.10:51:27.720 [main            ] INFO  HikariDataSource       - Retail_HikariCP - Start completed.
26-06-29.10:51:27.816 [main            ] INFO  ActivityBaseActionChain - 活动责任链-基础信息 [有效期、状态] 校验开始。sku:9011 activityId:100301
26-06-29.10:51:27.816 [main            ] INFO  ActivitySkuStockActionChain - 活动责任链-商品库存处理【检验&扣减】开始,sku:9011 activityId:100301
26-06-29.10:51:27.852 [main            ] INFO  ActivitySkuStockActionChain - 活动责任链-商品库存处理【有效期、状态、库存(sku)】成功。sku:9011 activityId:100301
26-06-29.10:51:28.295 [main            ] INFO  CreditAdjustService    - 账户积分额度开始 userId:xiaofuge tradeName:CONVERT_SKU amount:1.68
26-06-29.10:51:50.418 [pool-3-thread-2 ] INFO  HikariDataSource       - Retail_HikariCP - Starting...
26-06-29.10:51:50.436 [scheduling-1    ] INFO  UpdateActivitySkuStockJob - 定时任务，更新活动sku库存 sku:9011 activityId:100301
26-06-29.10:51:50.570 [pool-3-thread-2 ] INFO  HikariDataSource       - Retail_HikariCP - Start completed.
26-06-29.10:51:50.814 [main            ] INFO  EventPublisher         - 发送MQ消息 topic:credit_adjust_success message:{"data":{"amount":1.68,"orderId":"573585386957","outBusinessNo":"537892549255","userId":"xiaofuge"},"id":"39892715109","timestamp":1782701488297}
26-06-29.10:51:50.839 [org.springframework.amqp.rabbit.RabbitListenerEndpointContainer#1-1] INFO  CreditAdjustSuccessCustomer - 监听积分账户调整成功消息，进行交易商品发货 topic: credit_adjust_success message: {"data":{"amount":1.68,"orderId":"573585386957","outBusinessNo":"537892549255","userId":"xiaofuge"},"id":"39892715109","timestamp":1782701488297}
26-06-29.10:51:50.867 [main            ] INFO  CreditRepository       - 调整账户积分记录，发送MQ消息完成 userId: xiaofuge orderId:573585386957 topic: credit_adjust_success
26-06-29.10:51:50.868 [main            ] INFO  CreditAdjustService    - 账户积分额度完成 userId:xiaofuge orderId:573585386957
26-06-29.10:51:50.869 [main            ] INFO  RaffleActivityControllerTest - 请求参数：{"sku":9011,"userId":"xiaofuge"}
26-06-29.10:51:50.871 [main            ] INFO  RaffleActivityControllerTest - 测试结果：{"code":"0000","data":true,"info":"调用成功"}
26-06-29.10:51:55.039 [scheduling-1    ] INFO  UpdateActivitySkuStockJob - 定时任务，更新活动sku库存 sku:9011 activityId:100301
26-06-29.11:03:14.141 [org.springframework.amqp.rabbit.RabbitListenerEndpointContainer#0-2] INFO  SimpleMessageListenerContainer - Waiting for workers to finish.
26-06-29.11:03:14.160 [org.springframework.amqp.rabbit.RabbitListenerEndpointContainer#1-2] INFO  SimpleMessageListenerContainer - Waiting for workers to finish.
26-06-29.11:03:14.176 [org.springframework.amqp.rabbit.RabbitListenerEndpointContainer#2-2] INFO  SimpleMessageListenerContainer - Waiting for workers to finish.
26-06-29.11:03:14.195 [org.springframework.amqp.rabbit.RabbitListenerEndpointContainer#3-2] INFO  SimpleMessageListenerContainer - Waiting for workers to finish.
26-06-29.11:03:14.729 [org.springframework.amqp.rabbit.RabbitListenerEndpointContainer#1-2] INFO  SimpleMessageListenerContainer - Successfully waited for workers to finish.
26-06-29.11:03:14.788 [org.springframework.amqp.rabbit.RabbitListenerEndpointContainer#2-2] INFO  SimpleMessageListenerContainer - Successfully waited for workers to finish.
26-06-29.11:03:14.788 [org.springframework.amqp.rabbit.RabbitListenerEndpointContainer#0-2] INFO  SimpleMessageListenerContainer - Successfully waited for workers to finish.
26-06-29.11:03:14.788 [org.springframework.amqp.rabbit.RabbitListenerEndpointContainer#3-2] INFO  SimpleMessageListenerContainer - Successfully waited for workers to finish.
26-06-29.11:03:14.791 [SpringApplicationShutdownHook] INFO  SimpleMessageListenerContainer - Shutdown ignored - container is already stopped
26-06-29.11:03:14.791 [SpringApplicationShutdownHook] INFO  SimpleMessageListenerContainer - Shutdown ignored - container is already stopped
26-06-29.11:03:14.791 [SpringApplicationShutdownHook] INFO  SimpleMessageListenerContainer - Shutdown ignored - container is already stopped
26-06-29.11:03:14.791 [SpringApplicationShutdownHook] INFO  SimpleMessageListenerContainer - Shutdown ignored - container is already stopped
